index.ts(8,32): error TS6059: File 'D:/StitchProjects/chainpulse/onchain/listener.ts' is not under 'rootDir' 'D:/StitchProjects/chainpulse/backend'. 'rootDir' is expected to contain all source files.
../onchain/listener.ts(1,23): error TS2307: Cannot find module 'ws' or its corresponding type declarations.
../onchain/listener.ts(43,26): error TS7006: Parameter 'err' implicitly has an 'any' type.
../onchain/listener.ts(47,26): error TS7006: Parameter 'code' implicitly has an 'any' type.
../onchain/listener.ts(47,32): error TS7006: Parameter 'reason' implicitly has an 'any' type.
